Traceback (most recent call last):
  File "/home/ubuntu/Neraium-1.0/scripts/performance/governed_benchmark.py", line 138, in <module>
    if __name__ == '__main__': main()
                               ^^^^^^
  File "/home/ubuntu/Neraium-1.0/scripts/performance/governed_benchmark.py", line 112, in main
    payload = encode(governed(result))
              ^^^^^^^^^^^^^^^^^^^^^^^^
  File "/home/ubuntu/Neraium-1.0/scripts/performance/governed_benchmark.py", line 88, in encode
    return json.dumps(value, ensure_ascii=False, separators=(',', ':'), allow_nan=False).encode()
           ^^^^^^^^^^^^^^^^^^^^^^^^^^^^^^^^^^^^^^^^^^^^^^^^^^^^^^^^^^^^^^^^^^^^^^^^^^^^^
  File "/usr/lib/python3.12/json/__init__.py", line 238, in dumps
    **kw).encode(obj)
          ^^^^^^^^^^^
  File "/usr/lib/python3.12/json/encoder.py", line 200, in encode
    chunks = self.iterencode(o, _one_shot=True)
             ^^^^^^^^^^^^^^^^^^^^^^^^^^^^^^^^^^
  File "/usr/lib/python3.12/json/encoder.py", line 258, in iterencode
    return _iterencode(o, 0)
           ^^^^^^^^^^^^^^^^^
  File "/usr/lib/python3.12/json/encoder.py", line 180, in default
    raise TypeError(f'Object of type {o.__class__.__name__} '
TypeError: Object of type datetime is not JSON serializable
