{
  "before": {
    "log": "before-focused-regression.log",
    "failed": 30,
    "passed": 349,
    "seconds": 362.95,
    "failed_test_ids": [
      "tests/test_behavioral_baseline_workflow.py::test_activation_failure_cannot_replace_the_previous_active_pointer",
      "tests/test_behavioral_baseline_workflow.py::test_active_comparison_identity_is_not_replaced_by_baseline_ready_fallback",
      "tests/test_behavioral_baseline_workflow.py::test_analysis_and_controlled_extension_require_an_active_baseline",
      "tests/test_behavioral_baseline_workflow.py::test_analysis_persistence_rejects_mismatched_baseline_and_scope",
      "tests/test_behavioral_baseline_workflow.py::test_approval_can_be_disabled_by_controlled_policy",
      "tests/test_behavioral_baseline_workflow.py::test_baseline_a_never_lists_or_serves_baseline_b_analysis",
      "tests/test_behavioral_baseline_workflow.py::test_baseline_state_and_exact_ids_are_isolated_between_portfolios",
      "tests/test_behavioral_baseline_workflow.py::test_candidate_requires_approval_and_activation_is_separate",
      "tests/test_behavioral_baseline_workflow.py::test_comparison_persistence_rejects_the_baseline_dataset_as_evaluation_data",
      "tests/test_behavioral_baseline_workflow.py::test_comparison_upload_rejects_a_requested_baseline_from_another_identity",
      "tests/test_behavioral_baseline_workflow.py::test_completed_baseline_contract_propagates_id_and_supports_recovery_lookups",
      "tests/test_behavioral_baseline_workflow.py::test_completed_comparison_uses_distinct_dataset_and_analysis_ids_and_scopes_findings",
      "tests/test_behavioral_baseline_workflow.py::test_controlled_extension_creates_a_child_candidate_without_sii",
      "tests/test_behavioral_baseline_workflow.py::test_create_baseline_never_invokes_sii_or_persists_detection_evidence",
      "tests/test_behavioral_baseline_workflow.py::test_dataset_baseline_lookup_uses_index_references_without_model_scan",
      "tests/test_behavioral_baseline_workflow.py::test_exact_baseline_routes_survive_newer_activation_and_retry",
      "tests/test_behavioral_baseline_workflow.py::test_explicit_baseline_detail_is_baseline_only_until_an_exact_analysis_exists",
      "tests/test_behavioral_baseline_workflow.py::test_new_baseline_hides_stale_findings_until_its_own_comparison_exists",
      "tests/test_behavioral_baseline_workflow.py::test_relationship_learning_exception_reports_actual_stage_and_is_retryable",
      "tests/test_behavioral_baseline_workflow.py::test_retry_processing_reuses_the_uploaded_dataset",
      "tests/test_behavioral_baseline_workflow.py::test_second_comparison_creates_a_separate_analysis_without_overwriting_baseline",
      "tests/test_behavioral_baseline_workflow.py::test_terminal_success_is_rejected_when_result_cannot_be_retrieved",
      "tests/test_behavioral_baseline_workflow.py::test_upload_creates_distinct_dataset_and_processing_job_ids",
      "tests/test_behavioral_baseline_workflow.py::test_validation_exception_returns_structured_failure_with_original_exception",
      "tests/test_behavioral_baseline_workflow.py::test_worker_waits_for_a_delayed_baseline_result_record",
      "tests/test_historical_ingestion_trust_v1.py::test_versioned_api_is_pure_and_records_human_review",
      "tests/test_sii_contract_enforcement.py::test_latest_upload_requires_sii_contract_for_active_status",
      "tests/test_sii_contract_enforcement.py::test_upload_status_complete_with_sii_contract_remains_complete",
      "tests/test_sii_contract_enforcement.py::test_upload_status_complete_without_sii_contract_is_failed",
      "tests/test_sii_reference_category.py::test_audit_and_replay_endpoints_remain_available_with_reference_layer"
    ]
  },
  "after": {
    "log": "after-focused-regression.log",
    "failed": 30,
    "passed": 382,
    "seconds": 380.43,
    "failed_test_ids": [
      "tests/test_behavioral_baseline_workflow.py::test_activation_failure_cannot_replace_the_previous_active_pointer",
      "tests/test_behavioral_baseline_workflow.py::test_active_comparison_identity_is_not_replaced_by_baseline_ready_fallback",
      "tests/test_behavioral_baseline_workflow.py::test_analysis_and_controlled_extension_require_an_active_baseline",
      "tests/test_behavioral_baseline_workflow.py::test_analysis_persistence_rejects_mismatched_baseline_and_scope",
      "tests/test_behavioral_baseline_workflow.py::test_approval_can_be_disabled_by_controlled_policy",
      "tests/test_behavioral_baseline_workflow.py::test_baseline_a_never_lists_or_serves_baseline_b_analysis",
      "tests/test_behavioral_baseline_workflow.py::test_baseline_state_and_exact_ids_are_isolated_between_portfolios",
      "tests/test_behavioral_baseline_workflow.py::test_candidate_requires_approval_and_activation_is_separate",
      "tests/test_behavioral_baseline_workflow.py::test_comparison_persistence_rejects_the_baseline_dataset_as_evaluation_data",
      "tests/test_behavioral_baseline_workflow.py::test_comparison_upload_rejects_a_requested_baseline_from_another_identity",
      "tests/test_behavioral_baseline_workflow.py::test_completed_baseline_contract_propagates_id_and_supports_recovery_lookups",
      "tests/test_behavioral_baseline_workflow.py::test_completed_comparison_uses_distinct_dataset_and_analysis_ids_and_scopes_findings",
      "tests/test_behavioral_baseline_workflow.py::test_controlled_extension_creates_a_child_candidate_without_sii",
      "tests/test_behavioral_baseline_workflow.py::test_create_baseline_never_invokes_sii_or_persists_detection_evidence",
      "tests/test_behavioral_baseline_workflow.py::test_dataset_baseline_lookup_uses_index_references_without_model_scan",
      "tests/test_behavioral_baseline_workflow.py::test_exact_baseline_routes_survive_newer_activation_and_retry",
      "tests/test_behavioral_baseline_workflow.py::test_explicit_baseline_detail_is_baseline_only_until_an_exact_analysis_exists",
      "tests/test_behavioral_baseline_workflow.py::test_new_baseline_hides_stale_findings_until_its_own_comparison_exists",
      "tests/test_behavioral_baseline_workflow.py::test_relationship_learning_exception_reports_actual_stage_and_is_retryable",
      "tests/test_behavioral_baseline_workflow.py::test_retry_processing_reuses_the_uploaded_dataset",
      "tests/test_behavioral_baseline_workflow.py::test_second_comparison_creates_a_separate_analysis_without_overwriting_baseline",
      "tests/test_behavioral_baseline_workflow.py::test_terminal_success_is_rejected_when_result_cannot_be_retrieved",
      "tests/test_behavioral_baseline_workflow.py::test_upload_creates_distinct_dataset_and_processing_job_ids",
      "tests/test_behavioral_baseline_workflow.py::test_validation_exception_returns_structured_failure_with_original_exception",
      "tests/test_behavioral_baseline_workflow.py::test_worker_waits_for_a_delayed_baseline_result_record",
      "tests/test_historical_ingestion_trust_v1.py::test_versioned_api_is_pure_and_records_human_review",
      "tests/test_sii_contract_enforcement.py::test_latest_upload_requires_sii_contract_for_active_status",
      "tests/test_sii_contract_enforcement.py::test_upload_status_complete_with_sii_contract_remains_complete",
      "tests/test_sii_contract_enforcement.py::test_upload_status_complete_without_sii_contract_is_failed",
      "tests/test_sii_reference_category.py::test_audit_and_replay_endpoints_remain_available_with_reference_layer"
    ]
  },
  "new_failures": [],
  "resolved_failures": []
}
